a-vrv.akamaized.net
abercrombie.com
adidas.com
adobe.com
adobe.io
adobe.net
ai-chat.bsg.brave.com
ai.com
aircanada.com
akc.org
alza.hu
alphacoders.com
amplitude.com
analog.com
andrevi.ch
ansys.com
anthropic.com
anthropic.qualtrics.com
api.jetbrains.ai
api.themoviedb.org
app.zerossl.com
arc.net
arduino.cc
assets.heroku.com
atlassian.com
att.com
augmentcode.com
autodesk.com
backend-v2.crixet.com
bell-sw.com
bestbuy.com
bitdefender.com
bitnami.com
blinkshot.io
bosch.com
boschaftermarket.com
boschautoparts.com
brawlstarsgame.com
broadcom.com
broncosportforum.com
buf.build
builds.parsec.app
buanzo.org
buymeacoffee.com
canva.com
canva.dev
capacitorjs.com
carrefouruae.com
cats.com
cdromance.org
cdw.com
chainreactioncycles.com
chaos.com
chat.com
chat.openai.com.cdn.cloudflare.net
chatgpt.com
cisco.com
citrix.com
cisecurity.org
clamav.net
claude.ai
claude.com
clevelandclinic.org
clickup.com
clip.opus.pro
clashofclans.com
clashroyaleapp.com
code.gist.build
codeium.com
coingate.com
community.sophos.com
connect.ngrok-agent.com
contabo.com
copilot.microsoft.com
corsair.com
cpu-monkey.com
credly.com
crunchyroll.com
cvedetails.com
dashboard.algolia.com
dashboard.gitguardian.com
daemon-tools.cc
data-cdn.mbamupdates.com
data.cline.bot
deepl.com
deezer.com
dell.com
dellcdn.com
designer.microsoft.com
devexpress.com
diabrowser.com
digitalcontent.sky
disctech.com
disneyplus.com
docs.liquibase.com
document360.com
document360.io
download3.omnissa.com
downloads.intercomcdn.com
ducati.com
dyson.com
easydmarc.com
editorx.com
elevenlabs.io
eneba.com
etsy.com
expandrive.com
extremetech.com
exchanger.bits.media
f1.com
fast.com
filebin.net
files.manus.cdn
fivetran.com
flir.com
flir.eu
flourish.studio
flukenetworks.com
flyertalk.com
footballapi.pulselive.com
force-user-content.com
force.com
formula1.com
forum.netgate.com
freeimages.com
framer.com
fxnetworks.com
g2a.com
gamestop.com
gaming.amazon.com
geforcenow.com
genspark.ai
geolocation.onetrust.com
getoutline.com
gfn.am
ghostrc.game.idtech.services
gofund.me
gofundme.com
gonift.com
grafana.com
graylog.org
grizzlysms.com
grok.com
grok.x.com
groq.com
groupon.com
guilded.gg
hchk.io
hc-ping.com
hbomax.com
healthline.com
herokucdn.com
home-connect.com
home.by.me
hostinger.com
hotels.com
housebrand.com
htmhell.dev
hume.ai
hybrid-analysis.com
ibm.com
iherb.com
image.tmdb.org
imgur.com
indeed.com
intel.com
intel.de
intel.nl
intelix.sophos.com
intercom.io
intuit.com
intuitibits.com
itninja.com
jetbrains.com
jetbrains.space
joesandbox.com
kaleido.ai
kmail-lists.com
keysight.com
kinogo.la
klarna.com
langdock.com
last.fm
ldoceonline.com
legalshield.com
lgeapi.com
lgthinq.com
lidarr.audio
lifehacker.com
lightning.ai
lookerstudio.google.com
lambdalabs.com
mailerlite.com
mailinator.com
manus.im
marvelsnap.com
mattermost.com
max.com
medicalnewstoday.com
meetup.com
metopera.org
middlewareinventory.com
miracleptr.wordpress.com
mixcloud.com
mintmobile.com
mouser.com
mouser.fi
mongodb.com
monoprice.com
mssg.me
multisim.com
myheritage.com
myjetbrains.com
myparallels.com
myqrcode.com
netacad.com
netapp.com
netflix.ca
netflix.com
netflix.net
netflixinvestor.com
netflixtechblog.com
netlify.com
neo4j.com
new.abb.com
newark.com
news.google.com
newsroom.porsche.com
ngrok.com
ni.com
nike.com
nitropdf.com
nordaccount.com
nordcdn.com
nordvpn.com
notion.com
notion-emojis.s3-us-west-2.amazonaws.com
notion-static.com
notion.new
notion.site
notion.so
ntp.msn.com
nxp.com
oaistatic.com
oaiusercontent.com
ocstore.com
octopus.do
omnissa.com
onfastspring.com
onshape.com
openai.com
openh264.org
openrouter.ai
oracle.com
oraclecloud.com
parallels.cn
parallels.com
parallels.net
parallelsaccess.com
paritydeals.com
pcgamesn.com
pcmag.com
penguin.com
penguinrandomhouse.com
pexels.com
philiascans.org
pingdom.com
pkgs.tailscale.com
platform.activestate.com
plugshare.com
posthog.com
premierleague.com
primevideo.com
production-openaicom-storage.azureedge.net
profitwell.com
proactivebackend-pa.googleapis.com
prowlarr.com
public.parsec.app
qodana.cloud
qoder.com
qualcomm.com
qt.io
quicknode.com
qwant.com
reactflow.dev
recraft.ai
redis.io
redislabs.com
remove.bg
remna.st
research.net
reve.art
salesforce-experience.com
salesforce-hub.com
salesforce-scrt.com
salesforce-setup.com
salesforce-sites.com
salesforce.com
salesforceiq.com
salesforceliveagent.com
schneider-electric.com
sdxcentral.com
se.com
seconddinnertech.com
semrush.com
sentry.dev
sentry.io
sephora.com
servarr.com
shinyhardware.co.uk
singlekey-id.com
site.com
siteground.com
sketchup.com
sky.com
skycdp.com
smartbear.co
smartbear.com
smartdeploy.com
snapgametech.com
snapgene.com
snort.org
snyk.io
solarwinds.com
sonara.ai
sora.com
spacelift.io
spiceworks.com
spotify.com
squareup.com
strava.com
streamable.com
suggestqueries.google.com
supercell.com
support.anydesk.com
support.xerox.com
swagger.io
swapd.co
surveymonkey.com
synoforum.com
tableau.com
talosintelligence.com
teamviewer.com
techbargains.com
telemetr.io
tempmail.plus
terraform.io
theaudiodb.com
themoviedb.org
ti.com
tidal.com
timberland.de
tmdb-image-prod.b-cdn.net
tmdb.com
tmdb.org
torrenteditor.com
trailblazer.me
trailhead.com
trae.ai
transferwise.com
tria.ge
truthsocial.com
tsmc.com
tutanota.com
typing.com
uaudio.com
unscreen.com
upwork.com
uizard.io
v.vrv.co
vagrantcloud.com
veeam.com
verificationacademy.com
vmware.com
vod-fy.crunchyrollcdn.com
volkswagen-classic-parts.com
vyos.io
w.atwiki.jp
walmart.com
watermarkremover.io
watchguard.com
wbgames.com
wbagora.com
weather.com
webnames.ca
weebly.com
wetransfer.com
widgetapp.stream
wikidot.com
windsurf.com
wise.com
wpengine.com
x-minus.pro
x.ai
xrite.com
yeggi.com
youtrack.cloud
zapier.com
zedge.net
