ua
10minutemail.com
1337x.to
4freerussia.org
4pna.com
5sim.net
7tv.app
7tv.io
aol.com
abook-club.ru
academy.terrasoft.ua
adguard.com
adminforge.de
ahrefs.com
allegro.pl
amdm.ru
amnezia.org
amx.com
anidub.com
annas-archive.org
any.do
api.service-kp.com
apkmirror.com
archive.ph
archiveofourown.org
as6723.net
atv4.dnskp.cc
audiobookbay.lu
avira.com
babook.org
baginya.org
bcbits.com
bestchange.ru
bitdig.com
bluehost.com
boominfo.org
botnadzor.org
booth.pm
booth.pximg.net
bt4gprx.com
bufferbloat.net
cbilling.eu
cbilling.vip
carnegieendowment.org
censortracker.org
chess.com
chesscomfiles.com
chub.ai
charhub.io
cock.li
codelinaro.org
coinpayments.net
coinsbee.com
coldfilm.city
coldfilm.ink
coldfilm.xyz
coursera.org
croxyproxy.com
cub.red
deckbrew.xyz
decrypt.day
delivery.2d.net.co
depositphotos.com
designify.com
deviantart.com
digash.live
digikey.com
digitalocean.com
dpidetector.org
dreamhost.com
dub.sh
edu-cisco.org
ef.com
ef.edu
eggertspiele.de
element14.com
everand.com
exler.es
fast-torrent.club
fastpic.org
filmitorrent.net
filmix.ac
filmix.biz
filmix.day
filmix.fan
filmix.fm
filmix.la
flibusta.is
flibusta.net
flisland.net
fls.guru
forklog.com
forum.netgate.com
forum.ru-board.com
freedomletters.org
gagadget.com
gamedistribution.com
gamesrepack.com
gelbooru.com
gifyu.com
git.new
gofile.io
godaddy.com
goodreads.com
gpg4win.org
gr-assets.com
hackernoon.com
hackmd.io
halooglasi.com
hdkinoteatr.com
hdstudio.org
hetzner.com
hide.me
hideme.ru
hidemy.name
hostgator.com
iichan.hk
iedb.org
ign.com
ilook.tv
infineon.com
insearch.site
interactivebrokers.co.uk
iptv.online
itch.io
jw.org
jw-russia.org
kamatera.com
kara.su
kemono.su
kilocode.ai
kilo.ai
kinogo.ec
kinogo.uk
kino.pub
kinozal.guru
kinozal.me
kinozal.tv
kinozaltv.life
knowyourmeme.com
knews.kg
kym-cdn.com
lantern.io
leafletjs.com
lib.rus.ec
libgen.li
lingq.com
linktr.ee
linkedin.com
licdn.com
linear.app
livetv.sx
liveuamap.com
lostfilm.download
lostfilm.tv
lostfilm.tw
lostfilm.uno
lostfilmtv2.site
lucid.app lu4.org
magaz.global
mail-api.proton.me
mailfence.com
mailo.com
malwarebytes.com
mangadex.org
mangahub.ru
mangapark.net
mashable.com
medium.com
mega.nz
megapeer.ru
megapeer.vip
metacritic.com
metal-archives.com
modrinth.com
monolisa.dev
more.fm
musicbrainz.org
myanimelist.net
navalny.com
neformat.com.ua
networksolutions.com
nhl.com
nih.gov
nippon.com
nnmclub.to
nnmstatic.win
notepad-plus-plus.org
novaline.fm
okx.com
olx.ua
omv-extras.org
onlinesim.io
opensanctions.org
opensea.io
opentrackr.org
pages.dev
patreon.com
patreonusercontent.com
pb.wtf
pimpletv.ru
pixabay.com
pixiv.net
play.google.com
polymarket.com
prnt.sc
primevue.org
privatekeys.pw
proton.me
protonvpn.com
pronouns.page
psiphon.ca
quora.com
quora.com.cdn.cloudflare.net
radiojar.com
rentry.co
render-state.to
restream.io
rf.dobrochan.net
riseup.net
riperam.org
rublacklist.net
rutor.info
rutor.is
rutor.org
rutracker.cc
rutracker.net
rutracker.org
rutracker.wiki
sap.com
saverudata.net
sci-hub.se
sci-hub.st
scrollrevealjs.org
searchfloor.org
seasonvar.ru
selezen.org
shikimori.me
shikimori.one
shiza-project.com
signal.org
simplex.chat
simplex.im
simplix.info
skiff.com
skladchik.com
sklatchiki.ru
slashlib.me
slifki.biz sms-activate.io
sndcdn.com
soundcloud.cloud
soundcloud.com
sophos.com
sovetromantica.com
speedtest.net
spreadthesign.com
squietpc.com
startmail.com
startpage.com
statology.org
steamstat.info
supersliv.biz
surfshark.com
swissinfo.ch
te-st.org
temu.com
threema.ch
thetvdb.com
tiptop-vpn.com
torproject.org
torrentgalaxy.to
trellix.com
trueblackmetalradio.com
turbobit.net
tuta.com
tuta.io
twin.me
twinme.com
twinlife-systems.com
ukr.net
ukrtelcdn.net
unsplash.com
urlr.me
vice.com
viber.com
visualcapitalist.com
vndb.org
vpnlove.me
vpnpay.io
vpngate.net
vpngen.org
webmd.com
webtoons.com
wiki.fextralife.com
wilsoncenter.org
windows10spotlight.com
yande.re
yummyani.me
zbigz.com
zendesk.com
