ggpht.com
googlevideo.com
jnn-pa.googleapis.com
returnyoutubedislikeapi.com
wide-youtube.l.google.com
youtube-nocookie.com
youtube-ui.l.google.com
youtube.com
youtubeembeddedplayer.googleapis.com
youtubei.googleapis.com
youtubekids.com
yt-video-upload.l.google.com
yt.be
yt3.googleusercontent.com
yting.com
ytimg.com
ytimg.l.google.com
youtu.be
cdn-telegram.org
comments.app
contest.com
fragment.com
graph.org
quiz.directory
t.me
tdesktop.com
telega.one
telegra.ph
telegram-cdn.org
telegram.dog
telegram.me
telegram.org
telegram.space
telesco.pe
tg.dev
ton.org
tx.me
usercontent.dev
